
╔═══════════════════════════════════════════════╗
║    RoCE Cluster Pingmesh Connectivity Test    ║
╚═══════════════════════════════════════════════╝

Configuration:
  Namespace: ecrncevi-dev-p12w4d3w4
  Mode: pods
  Pods: 2
  Interfaces per pod: 8
  Expected pairs per pair: 64
  Max workers: 10

📡 Collecting interface IP addresses...

  networking-debug-pod-rits-roce-z6lst-worker-h100-3-gdr-ccthw ... ✓ (8/8 IPs)
  networking-debug-pod-rits-roce-z6lst-worker-h100-3-gdr-ds5tz ... ✓ (8/8 IPs)

✓ Collected 16 interface IPs across 2 pods

🔄 Running pingmesh tests...

  Total ping tests to run: 64

    Ping tests ━━━━━━━━━━━━━━━━━━━━━━━━━━━━━━━━━━━━━━━━ 100% 64/64


  Completed in 4.041 seconds

📊 Pingmesh Connectivity Matrix
(Values show: successful_pairs/total_pairs)

                 Pod A \ B  networking-debug-pod-ri…  networking-debug-pod-rit… 
 networking-debug-pod-rit…             -                        64/64           
 networking-debug-pod-rit…           64/64                        -             

📈 Summary
----------------------------------------
  Total node pairs tested: 1
  Total NIC pairs tested: 64
  Successful pings: 64/64 (100%)

  ● Fully connected node pairs: 1
  ● Partially connected node pairs: 0
  ● Disconnected node pairs: 0

✅ All ping tests passed!
